// Jest Snapshot v1, https://goo.gl/fbAQLP

exports[`The Login page functionality Render and basic elements The Login page renders without crashing 1`] = `
Object {
  "asFragment": [Function],
  "baseElement": <body>
    <div>
      <header
        class="login-header"
      >
        <img
          alt="IMT Atlantique Logo"
          src="https://www.imt-atlantique.fr/sites/default/files/Images/Ecole/charte-graphique/IMT_Atlantique_logo_RVB_Negatif_Baseline_400x272.png"
        />
        <h3>
          Welcome to Alumni FIL
        </h3>
        <p>
          Login to access administrative features
        </p>
      </header>
      <div
        class="main-content"
      >
        <div
          class="login-container"
        >
          <form
            action="/login"
            id="login-form"
            method="post"
          >
            <div
              class="form-group"
            >
              <label
                for="username"
              >
                Username
              </label>
              <input
                class="form-control"
                id="username"
                name="username"
                placeholder="Enter your username"
                type="text"
                value=""
              />
            </div>
            <div
              class="form-group"
            >
              <label
                for="password"
              >
                Password
              </label>
              <input
                class="form-control"
                id="password"
                name="password"
                placeholder="Enter your password"
                type="password"
                value=""
              />
            </div>
            <button
              class="btn btn-custom btn-block"
              type="submit"
            >
              Login
            </button>
          </form>
        </div>
      </div>
      <footer
        class="login-footer"
      >
        <a
          href="#"
        >
          Contact Us
        </a>
         | 
        <a
          href="#"
        >
          Privacy Policy
        </a>
      </footer>
    </div>
    <div>
      <header
        class="login-header"
      >
        <img
          alt="IMT Atlantique Logo"
          src="https://www.imt-atlantique.fr/sites/default/files/Images/Ecole/charte-graphique/IMT_Atlantique_logo_RVB_Negatif_Baseline_400x272.png"
        />
        <h3>
          Welcome to Alumni FIL
        </h3>
        <p>
          Login to access administrative features
        </p>
      </header>
      <div
        class="main-content"
      >
        <div
          class="login-container"
        >
          <form
            action="/login"
            id="login-form"
            method="post"
          >
            <div
              class="form-group"
            >
              <label
                for="username"
              >
                Username
              </label>
              <input
                class="form-control"
                id="username"
                name="username"
                placeholder="Enter your username"
                type="text"
                value=""
              />
            </div>
            <div
              class="form-group"
            >
              <label
                for="password"
              >
                Password
              </label>
              <input
                class="form-control"
                id="password"
                name="password"
                placeholder="Enter your password"
                type="password"
                value=""
              />
            </div>
            <button
              class="btn btn-custom btn-block"
              type="submit"
            >
              Login
            </button>
          </form>
        </div>
      </div>
      <footer
        class="login-footer"
      >
        <a
          href="#"
        >
          Contact Us
        </a>
         | 
        <a
          href="#"
        >
          Privacy Policy
        </a>
      </footer>
    </div>
  </body>,
  "container": <div>
    <header
      class="login-header"
    >
      <img
        alt="IMT Atlantique Logo"
        src="https://www.imt-atlantique.fr/sites/default/files/Images/Ecole/charte-graphique/IMT_Atlantique_logo_RVB_Negatif_Baseline_400x272.png"
      />
      <h3>
        Welcome to Alumni FIL
      </h3>
      <p>
        Login to access administrative features
      </p>
    </header>
    <div
      class="main-content"
    >
      <div
        class="login-container"
      >
        <form
          action="/login"
          id="login-form"
          method="post"
        >
          <div
            class="form-group"
          >
            <label
              for="username"
            >
              Username
            </label>
            <input
              class="form-control"
              id="username"
              name="username"
              placeholder="Enter your username"
              type="text"
              value=""
            />
          </div>
          <div
            class="form-group"
          >
            <label
              for="password"
            >
              Password
            </label>
            <input
              class="form-control"
              id="password"
              name="password"
              placeholder="Enter your password"
              type="password"
              value=""
            />
          </div>
          <button
            class="btn btn-custom btn-block"
            type="submit"
          >
            Login
          </button>
        </form>
      </div>
    </div>
    <footer
      class="login-footer"
    >
      <a
        href="#"
      >
        Contact Us
      </a>
       | 
      <a
        href="#"
      >
        Privacy Policy
      </a>
    </footer>
  </div>,
  "debug": [Function],
  "findAllByAltText": [Function],
  "findAllByDisplayValue": [Function],
  "findAllByLabelText": [Function],
  "findAllByPlaceholderText": [Function],
  "findAllByRole": [Function],
  "findAllByTestId": [Function],
  "findAllByText": [Function],
  "findAllByTitle": [Function],
  "findByAltText": [Function],
  "findByDisplayValue": [Function],
  "findByLabelText": [Function],
  "findByPlaceholderText": [Function],
  "findByRole": [Function],
  "findByTestId": [Function],
  "findByText": [Function],
  "findByTitle": [Function],
  "getAllByAltText": [Function],
  "getAllByDisplayValue": [Function],
  "getAllByLabelText": [Function],
  "getAllByPlaceholderText": [Function],
  "getAllByRole": [Function],
  "getAllByTestId": [Function],
  "getAllByText": [Function],
  "getAllByTitle": [Function],
  "getByAltText": [Function],
  "getByDisplayValue": [Function],
  "getByLabelText": [Function],
  "getByPlaceholderText": [Function],
  "getByRole": [Function],
  "getByTestId": [Function],
  "getByText": [Function],
  "getByTitle": [Function],
  "queryAllByAltText": [Function],
  "queryAllByDisplayValue": [Function],
  "queryAllByLabelText": [Function],
  "queryAllByPlaceholderText": [Function],
  "queryAllByRole": [Function],
  "queryAllByTestId": [Function],
  "queryAllByText": [Function],
  "queryAllByTitle": [Function],
  "queryByAltText": [Function],
  "queryByDisplayValue": [Function],
  "queryByLabelText": [Function],
  "queryByPlaceholderText": [Function],
  "queryByRole": [Function],
  "queryByTestId": [Function],
  "queryByText": [Function],
  "queryByTitle": [Function],
  "rerender": [Function],
  "unmount": [Function],
}
`;
